[sites.google.com/view/saddahussain.html]
[backblue.gif]
[fade.gif]
[index.html]
[ssl.gstatic.com/atari/images/simple-header-blended-small.png]
[ssl.gstatic.com/docs/common/cleardot.gif]
[apis.google.com/js/clientc932.js]
[www.google-analytics.com/analytics.js]
[sites.google.com/view/saddahussain/home.html]
[sites.google.com/view/saddahussain/experience.html]
[sites.google.com/view/saddahussain/work.html]
[sites.google.com/view/saddahussain/developers-life.html]
[sites.google.com/view/saddahussain.html]
[sites.google.com/view/saddahussain/home.html]
[sites.google.com/view/saddahussain/experience.html]
[sites.google.com/view/saddahussain/work.html]
[sites.google.com/view/saddahussain/developers-life.html]
[sites.google.com/view/saddahussain/about.html]
[sites.google.com/view/saddahussain/_https_/twitter.com/iSaddaHussain.a0a22.delayed]
[sites.google.com/view/saddahussain/_https_/platform.twitter.com/widgets.b.delayed]
[sites.google.com/view/saddahussain/_/cdn.jsdelivr.net/github-cards/latest/widget.js___/script__.c.delayed]
[sites.google.com/view/saddahussain/_https_/platform.linkedin.com/badges/js/profile.d.delayed]
[sites.google.com/view/saddahussain/'https_/pk.linkedin.com/in/saddahussain.e04f1.delayed]
[sites.google.com/view/saddahussain/_https_/stackexchange.com/users/7787802___img.f.delayed]
[sites.google.com/view/saddahussain/_https_/stackexchange.com/users/flair/7787802.10.delayed]
[sites.google.com/view/saddahussain/about.html]
[sites.google.com/view/saddahussain/_https_/twitter.com/iSaddaHussain0a22.html]
[sites.google.com/view/saddahussain/_https_/platform.twitter.com/widgets.html]
[sites.google.com/view/saddahussain/_/cdn.jsdelivr.net/github-cards/latest/widget.js___/script__.html]
[sites.google.com/view/saddahussain/_https_/platform.linkedin.com/badges/js/profile.html]
[sites.google.com/view/saddahussain/'https_/pk.linkedin.com/in/saddahussain04f1.html]
[sites.google.com/view/saddahussain/_https_/stackexchange.com/users/7787802___img.html]
[sites.google.com/view/saddahussain/_https_/stackexchange.com/users/flair/7787802.html]
